  Ôû▓ Next.js 14.2.35
  - Environments: .env.local

   Creating an optimized production build ...
 Ô£ô Compiled successfully
   Linting and checking validity of types ...
   Collecting page data ...
   Generating static pages (0/9) ...
   Generating static pages (2/9) 
   Generating static pages (4/9) 
   Generating static pages (6/9) 
 Ô£ô Generating static pages (9/9)
   Finalizing page optimization ...
   Collecting build traces ...

Route (app)                              Size     First Load JS
Ôöî Ôùï /                                    9.59 kB         150 kB
Ôö£ Ôùï /_not-found                          873 B          88.1 kB
Ôö£ ãÆ /api/subscribe                       0 B                0 B
Ôö£ Ôùï /blog                                197 B           141 kB
Ôö£ Ôùï /blog/poker-bankroll-management      197 B           141 kB
Ôö£ Ôùï /robots.txt                          0 B                0 B
Ôöö Ôùï /sitemap.xml                         0 B                0 B
+ First Load JS shared by all            87.3 kB
  Ôö£ chunks/117-4f5b424f20efdcae.js       31.7 kB
  Ôö£ chunks/fd9d1056-b11b2651f33aae7f.js  53.6 kB
  Ôöö other shared chunks (total)          1.89 kB


Ôùï  (Static)   prerendered as static content
ãÆ  (Dynamic)  server-rendered on demand

